Importer Log Report
Project : tunnelAmp.PrjPcb

Section : Analyze Document - D:\UserProfile\Documents\GitHub\STM2024\STM_DanBerard\STM_Analog\STM_Preamplifier\tunnelAmp.brd
    Analyzing data of D:\UserProfile\Documents\GitHub\STM2024\STM_DanBerard\STM_Analog\STM_Preamplifier\tunnelAmp.brd
    Load settings
    Load layers 91
    Load board
    Load Library "resistor"
    Load Packages 3
    Load Library "burr-brown"
    Load Packages 1
    Load Library "pinhead"
    Load Packages 1
    Load Library "wirepad"
    Load Packages 1
EndSection

Section : Analyze Document - D:\UserProfile\Documents\GitHub\STM2024\STM_DanBerard\STM_Analog\STM_Preamplifier\tunnelAmp.sch
    Analyzing data of D:\UserProfile\Documents\GitHub\STM2024\STM_DanBerard\STM_Analog\STM_Preamplifier\tunnelAmp.sch
    Load settings
    Load layers 91
    Load schematic
    Load Libraries 7
    Load Library "resistor"
    Load Packages 274
    Load Symbols 3
    Load DeviceSets 3
    Load Library "supply1"
    Load Packages 0
    Load Symbols 1
    Load DeviceSets 1
    Load Library "supply2"
    Load Packages 0
    Load Symbols 2
    Load DeviceSets 2
    Load Library "burr-brown"
    Load Packages 1
    Load Symbols 1
    Load DeviceSets 1
    Load Library "pinhead"
    Load Packages 2
    Load Symbols 1
    Load DeviceSets 1
    Load Library "docu-dummy"
    Load Packages 0
    Load Symbols 1
    Load DeviceSets 1
    Load Library "wirepad"
    Load Packages 1
    Load Symbols 1
    Load DeviceSets 1
    Load Attributes 0
    Load Classes 1
    Load Parts 19
    Load Sheets 1
EndSection
